Clean MySQL 8.4 migration test - 2026-07-24T17:18:09.3452959+07:00
kontainer-mysql-ci
CONTAINER=d534c4138c2bf5d1821530b95d5e3614a21677bdd9284f3f327ed0d75b5dfef6
MYSQL_READY=True
RUNNING=0001_foundation.up.sql
EXIT=0
RUNNING=0002_auth_audit.up.sql
EXIT=0
RUNNING=0003_dev_superadmin.up.sql
EXIT=0
RUNNING=0004_masterdata_permissions.up.sql
EXIT=0
RUNNING=0005_jobs_assignments.up.sql
EXIT=0
RUNNING=0006_surveys_mvp.up.sql
EXIT=0
RUNNING=0007_reviews_reports.up.sql
EXIT=0
RUNNING=0008_finance.up.sql
EXIT=0
RUNNING=0009_storage_relations.up.sql
EXIT=0
RUNNING=0010_container_fitness_foundation.up.sql
EXIT=0
RUNNING=0011_customer_scoped_master_data.up.sql
EXIT=0
RUNNING=0012_admin_db15_alignment.up.sql
EXIT=0
ALL_MIGRATIONS_PASS=True
