PRECHECK
+---------------+
| orphan_survey |
+---------------+
|             0 |
+---------------+
+----------------------+
| orphan_template_item |
+----------------------+
|                    0 |
+----------------------+
+----------------------+
| response_rows_before |
+----------------------+
|                    0 |
+----------------------+
+-----------------+
| job_rows_before |
+-----------------+
|               0 |
+-----------------+
DOWN_EXIT=0
DOWN_STATE
+------------------------+
| spk_columns_after_down |
+------------------------+
|                      0 |
+------------------------+
+-------------------------------+
| target_constraints_after_down |
+-------------------------------+
|                             0 |
+-------------------------------+
REUP_EXIT=0
REUP_STATE
+------------------------+
| spk_columns_after_reup |
+------------------------+
|                      4 |
+------------------------+
+-------------------------------+
| target_constraints_after_reup |
+-------------------------------+
|                             3 |
+-------------------------------+
+---------------------+
| response_rows_after |
+---------------------+
|                   0 |
+---------------------+
+----------------+
| job_rows_after |
+----------------+
|              0 |
+----------------+
+---------------------+
| orphan_survey_after |
+---------------------+
|                   0 |
+---------------------+
+----------------------------+
| orphan_template_item_after |
+----------------------------+
|                          0 |
+----------------------------+
