+---------------------------------------+
| Tables_in_kontainer_test              |
+---------------------------------------+
| application_containers                |
| assignment_containers                 |
| assignments                           |
| audit_logs                            |
| authorized_signers                    |
| cedex_components                      |
| cedex_damages                         |
| cedex_locations                       |
| cedex_materials                       |
| cedex_repairs                         |
| company_profiles                      |
| container_import_batches              |
| container_manufacturers               |
| container_technical_specs             |
| container_types                       |
| customer_personnel                    |
| customer_personnel_locations          |
| customer_survey_type_photo_categories |
| customer_survey_type_severities       |
| customer_survey_type_test_parameters  |
| customers                             |
| evidence_photo_categories             |
| file_objects                          |
| finding_severities                    |
| fitness_application_events            |
| fitness_applications                  |
| fitness_approval_categories           |
| fitness_checklist_template_items      |
| fitness_checklist_templates           |
| fitness_container_import_batches      |
| fitness_container_import_rows         |
| inspection_areas                      |
| inspection_recommendations            |
| inspection_test_parameters            |
| invoice_items                         |
| invoices                              |
| job_containers                        |
| job_events                            |
| job_orders                            |
| locations                             |
| maintenance_schemes                   |
| numbering_sequences                   |
| numbering_settings                    |
| payments                              |
| permissions                           |
| price_lists                           |
| refresh_tokens                        |
| report_snapshots                      |
| report_versions                       |
| reports                               |
| responsibility_codes                  |
| role_permissions                      |
| roles                                 |
| structural_components                 |
| structural_damage_criteria            |
| survey_approvals                      |
| survey_checklist_responses            |
| survey_damage_counters                |
| survey_damages                        |
| survey_general_infos                  |
| survey_photos                         |
| survey_revision_items                 |
| survey_types                          |
| surveyor_profiles                     |
| surveys                               |
| user_roles                            |
| users                                 |
+---------------------------------------+
+-----------------------------+----------------------------------------------------------------------------------------------------------------------------------------------------------------------------------------------------------------------------------------------------------------------------------------------------------------------------------------------------------------------------------------------------------------------------------------------------------------------------------------------------------------------------------------------------------------------------------------------------------------------------------------------------------------------------------------------------------------------------------------------------------------------------------------------------------------------------------------------------------------------------------------------------------------------------------------------------------------------------------------------------------------------------------------------------------------------------------------------------------------------------------------------------------------------------------------------------------------------------------------------------------------------------------------------------------------------------------------------------------------------------------------------------------------------------------------------------------------------------------------------------------------------------------------------------------------------------------------------------------------------------------------------------------------------------------------------------------------------------------------------------------------------------------------------------------------------------------------------------------------------------------------------------------------------------------------------------------------------------------------------------------------------------------------------------------------------------------------------------------------------------------------------------------------------------------------------------------------------------------------------------------------------------------------------------------------------------------------------------------------------------------------+
| Table                       | Create Table                                                                                                                                                                                                                                                                                                                                                                                                                                                                                                                                                                                                                                                                                                                                                                                                                                                                                                                                                                                                                                                     |
+-----------------------------+----------------------------------------------------------------------------------------------------------------------------------------------------------------------------------------------------------------------------------------------------------------------------------------------------------------------------------------------------------------------------------------------------------------------------------------------------------------------------------------------------------------------------------------------------------------------------------------------------------------------------------------------------------------------------------------------------------------------------------------------------------------------------------------------------------------------------------------------------------------------------------------------------------------------------------------------------------------------------------------------------------------------------------------------------------------------------------------------------------------------------------------------------------------------------------------------------------------------------------------------------------------------------------------------------------------------------------------------------------------------------------------------------------------------------------------------------------------------------------------------------------------------------------------------------------------------------------------------------------------------------------------------------------------------------------------------------------------------------------------------------------------------------------------------------------------------------------------------------------------------------------------------------------------------------------------------------------------------------------------------------------------------------------------------------------------------------------------------------------------------------------------------------------------------------------------------------------------------------------------------------------------------------------------------------------------------------------------------------------------------------------------+
| fitness_checklist_templates | CREATE TABLE `fitness_checklist_templates` (
  `id` char(36) NOT NULL DEFAULT (uuid()),
  `customer_id` char(36) DEFAULT NULL,
  `template_code` varchar(80) NOT NULL,
  `template_name` varchar(180) NOT NULL,
  `approval_category_id` char(36) DEFAULT NULL,
  `survey_type_id` char(36) DEFAULT NULL,
  `container_type_id` char(36) DEFAULT NULL,
  `description` text,
  `version_no` int NOT NULL DEFAULT '1',
  `status` varchar(30) NOT NULL DEFAULT 'draft',
  `created_by` char(36) DEFAULT NULL,
  `approved_by` char(36) DEFAULT NULL,
  `approved_at` datetime(6) DEFAULT NULL,
  `created_at` datetime(6) NOT NULL DEFAULT CURRENT_TIMESTAMP(6),
  `updated_at` datetime(6) NOT NULL DEFAULT CURRENT_TIMESTAMP(6),
  `deleted_at` datetime(6) DEFAULT NULL,
  PRIMARY KEY (`id`),
  UNIQUE KEY `uq_fitness_checklist_templates_customer_code` (`customer_id`,`template_code`),
  KEY `idx_fitness_checklist_templates_category` (`approval_category_id`),
  KEY `idx_fitness_checklist_templates_container_type` (`container_type_id`),
  KEY `idx_fitness_checklist_templates_status` (`status`),
  KEY `idx_fitness_checklist_templates_deleted_at` (`deleted_at`),
  KEY `fk_fitness_checklist_templates_created_by` (`created_by`),
  KEY `fk_fitness_checklist_templates_approved_by` (`approved_by`),
  KEY `idx_fitness_checklist_templates_customer` (`customer_id`),
  KEY `idx_fitness_checklist_templates_customer_status` (`customer_id`,`status`),
  KEY `idx_fitness_checklist_templates_survey_type` (`survey_type_id`),
  CONSTRAINT `fk_fitness_checklist_templates_approved_by` FOREIGN KEY (`approved_by`) REFERENCES `users` (`id`),
  CONSTRAINT `fk_fitness_checklist_templates_category` FOREIGN KEY (`approval_category_id`) REFERENCES `fitness_approval_categories` (`id`),
  CONSTRAINT `fk_fitness_checklist_templates_container_type` FOREIGN KEY (`container_type_id`) REFERENCES `container_types` (`id`),
  CONSTRAINT `fk_fitness_checklist_templates_created_by` FOREIGN KEY (`created_by`) REFERENCES `users` (`id`),
  CONSTRAINT `fk_fitness_checklist_templates_customer` FOREIGN KEY (`customer_id`) REFERENCES `customers` (`id`),
  CONSTRAINT `fk_fitness_checklist_templates_survey_type` FOREIGN KEY (`survey_type_id`) REFERENCES `survey_types` (`id`)
) ENGINE=InnoDB DEFAULT CHARSET=utf8mb4 COLLATE=utf8mb4_0900_ai_ci |
+-----------------------------+----------------------------------------------------------------------------------------------------------------------------------------------------------------------------------------------------------------------------------------------------------------------------------------------------------------------------------------------------------------------------------------------------------------------------------------------------------------------------------------------------------------------------------------------------------------------------------------------------------------------------------------------------------------------------------------------------------------------------------------------------------------------------------------------------------------------------------------------------------------------------------------------------------------------------------------------------------------------------------------------------------------------------------------------------------------------------------------------------------------------------------------------------------------------------------------------------------------------------------------------------------------------------------------------------------------------------------------------------------------------------------------------------------------------------------------------------------------------------------------------------------------------------------------------------------------------------------------------------------------------------------------------------------------------------------------------------------------------------------------------------------------------------------------------------------------------------------------------------------------------------------------------------------------------------------------------------------------------------------------------------------------------------------------------------------------------------------------------------------------------------------------------------------------------------------------------------------------------------------------------------------------------------------------------------------------------------------------------------------------------------------------+
+----------------------------+-----------------------------------------------------------------------------------------------------------------------------------------------------------------------------------------------------------------------------------------------------------------------------------------------------------------------------------------------------------------------------------------------------------------------------------------------------------------------------------------------------------------------------------------------------------------------------------------------------------------------------------------------------------------------------------------------------------------------------------------------------------------------------------------------------------------------------------------------------------------------------------------------------------------------------------------------------------------------------------------------------------------------------------------------------------------------------------------------------------------------------------------------------------------------------------------------------------------------------------------------------------------------------------------------------------------------------------------------------------------------------------------------------------------------------------------------------------------------------------------------------------------------------------------------------------------------------------------------------------------------------+
| Table                      | Create Table                                                                                                                                                                                                                                                                                                                                                                                                                                                                                                                                                                                                                                                                                                                                                                                                                                                                                                                                                                                                                                                     |
+----------------------------+-----------------------------------------------------------------------------------------------------------------------------------------------------------------------------------------------------------------------------------------------------------------------------------------------------------------------------------------------------------------------------------------------------------------------------------------------------------------------------------------------------------------------------------------------------------------------------------------------------------------------------------------------------------------------------------------------------------------------------------------------------------------------------------------------------------------------------------------------------------------------------------------------------------------------------------------------------------------------------------------------------------------------------------------------------------------------------------------------------------------------------------------------------------------------------------------------------------------------------------------------------------------------------------------------------------------------------------------------------------------------------------------------------------------------------------------------------------------------------------------------------------------------------------------------------------------------------------------------------------------------------+
| survey_checklist_responses | CREATE TABLE `survey_checklist_responses` (
  `id` char(36) NOT NULL DEFAULT (uuid()),
  `survey_id` char(36) NOT NULL,
  `template_item_id` char(36) DEFAULT NULL,
  `item_code` varchar(80) NOT NULL,
  `item_label` varchar(200) NOT NULL,
  `response_value` varchar(50) DEFAULT NULL,
  `response_numeric` decimal(14,4) DEFAULT NULL,
  `response_text` text,
  `response_type` varchar(50) NOT NULL DEFAULT 'ok_not_ok',
  `unit` varchar(50) DEFAULT NULL,
  `standard_reference` varchar(200) DEFAULT NULL,
  `is_required` tinyint(1) NOT NULL DEFAULT '1',
  `is_critical` tinyint(1) NOT NULL DEFAULT '0',
  `requires_attachment` tinyint(1) NOT NULL DEFAULT '0',
  `attachment_file_id` char(36) DEFAULT NULL,
  `display_order` int NOT NULL DEFAULT '0',
  `created_at` datetime(6) NOT NULL DEFAULT CURRENT_TIMESTAMP(6),
  `updated_at` datetime(6) NOT NULL DEFAULT CURRENT_TIMESTAMP(6),
  PRIMARY KEY (`id`),
  UNIQUE KEY `survey_id` (`survey_id`,`item_code`),
  KEY `idx_survey_checklist_survey` (`survey_id`),
  KEY `idx_survey_checklist_attachment` (`attachment_file_id`),
  KEY `idx_survey_checklist_template_item` (`template_item_id`),
  CONSTRAINT `fk_survey_checklist_attachment` FOREIGN KEY (`attachment_file_id`) REFERENCES `file_objects` (`id`),
  CONSTRAINT `fk_survey_checklist_survey` FOREIGN KEY (`survey_id`) REFERENCES `surveys` (`id`) ON DELETE CASCADE,
  CONSTRAINT `fk_survey_checklist_template_item` FOREIGN KEY (`template_item_id`) REFERENCES `fitness_checklist_template_items` (`id`)
) ENGINE=InnoDB DEFAULT CHARSET=utf8mb4 COLLATE=utf8mb4_0900_ai_ci |
+----------------------------+-----------------------------------------------------------------------------------------------------------------------------------------------------------------------------------------------------------------------------------------------------------------------------------------------------------------------------------------------------------------------------------------------------------------------------------------------------------------------------------------------------------------------------------------------------------------------------------------------------------------------------------------------------------------------------------------------------------------------------------------------------------------------------------------------------------------------------------------------------------------------------------------------------------------------------------------------------------------------------------------------------------------------------------------------------------------------------------------------------------------------------------------------------------------------------------------------------------------------------------------------------------------------------------------------------------------------------------------------------------------------------------------------------------------------------------------------------------------------------------------------------------------------------------------------------------------------------------------------------------------------------+
